[dotenv@17.3.1] injecting env (14) from .env.local -- tip: ≡ƒöÉ prevent building .env in docker: https://dotenvx.com/prebuild
Raw Key exists: true
Raw Key length: 1708
Starts with: -----BEGIN PRIVATE KEY-----
MI
Ends with: Q==
-----END PRIVATE KEY-----

Contains literal \n: false
Contains actual newline: true
Cleaned Key contains literal \n: false
Cleaned Key contains actual newline: true
Firebase initialized successfully in test wrapper!
